1791531007.6462,A3,999,793,None,1728,899
1791531009.2517,A4,1182,219,None,1728,899
1791531010.6426,A5,799,556,None,1728,899
1791531011.9511,A6,713,690,None,1728,899
1791531013.4433,A7,759,694,None,1728,899
1791531014.8585,A8,724,618,None,1728,899
1791531016.4748,A9,960,657,None,1728,899
1791531019.7822,A11,956,410,None,1728,899
1791531023.0586,A13,577,514,None,1728,899
1791531026.2497,A15,204,813,None,1728,899
1791531027.8738,B-intro,203,820,None,1728,899
1791531051.4743,C1,218,725,209.7734394766699,1728,899
1791531056.5796,C2,1126,315,58.71846085879497,1728,899
1791531058.6565,C3,928,422,72.46989173680299,1728,899
1791531063.4741,C4,995,660,55.81348558555221,1728,899
1791531065.3060,C5,353,306,111.39676991477661,1728,899
1791531069.1225,C6,1268,397,35.75162919417592,1728,899
1791531072.5311,C7,1220,165,41.931323847171285,1728,899
1791531077.5639,C8,724,648,87.38284510248045,1728,899
1791531079.0556,C9,533,700,32.300352553202146,1728,899
1791531084.2889,C10,1388,162,52.43897515275237,1728,899
