1791530990.5690,ready,phase,Put your pointing hand where you point from. Hold still.
1791530995.5668,still,phase,Hold still…
1791530999.5693,A-intro,phase,Phase A: on each beep, tap thumb to index fingertip, hand otherwise still. 15 beeps.
1791531003.5675,A1,phase,TAP on the beep
1791531003.5737,A1,cue,
1791531005.1778,A2,phase,TAP on the beep
1791531005.1851,A2,cue,
1791531006.7879,A3,phase,TAP on the beep
1791531006.7941,A3,cue,
1791531007.6338,A3,rx,I,tap,1740,469,-38,quiet,18,rewind,-505,-630
1791531007.6463,A3,click,999,793,None
1791531008.3986,A4,phase,TAP on the beep
1791531008.4086,A4,cue,
1791531009.2466,A4,rx,I,tap,4476,422,45,quiet,17,rewind,-429,517
1791531009.2518,A4,click,1182,219,None
1791531010.0094,A5,phase,TAP on the beep
1791531010.0139,A5,cue,
1791531010.6321,A5,rx,I,tap,1043,653,-2,quiet,8,rewind,-154,385
1791531010.6426,A5,click,799,556,None
1791531011.6176,A6,phase,TAP on the beep
1791531011.6246,A6,cue,
1791531011.9413,A6,rx,I,tap,1299,725,35,quiet,2,rewind,-203,281
1791531011.9512,A6,click,713,690,None
1791531013.2287,A7,phase,TAP on the beep
1791531013.2334,A7,cue,
1791531013.4341,A7,rx,I,tap,4873,662,-27,quiet,1,rewind,-39,-69
1791531013.4434,A7,click,759,694,None
1791531014.8359,A8,phase,TAP on the beep
1791531014.8430,A8,cue,
1791531014.8509,A8,rx,I,tap,4166,477,-11,quiet,2,rewind,-537,-111
1791531014.8586,A8,click,724,618,None
1791531016.4466,A9,phase,TAP on the beep
1791531016.4525,A9,cue,
1791531016.4677,A9,rx,I,tap,1088,431,19,quiet,1,rewind,169,35
1791531016.4749,A9,click,960,657,None
1791531018.0220,A9,rx,I,tap,no,1109,306,-13,quiet,36
1791531018.0300,A9,rx,I,tap,no,1822,459,2,quiet,39
1791531018.0567,A10,phase,TAP on the beep
1791531018.0618,A10,cue,
1791531018.1423,A10,rx,I,tap,no,1586,394,50,quiet,59
1791531019.6632,A11,phase,TAP on the beep
1791531019.6693,A11,cue,
1791531019.7732,A11,rx,I,tap,1698,415,1,quiet,10,rewind,-442,-106
1791531019.7823,A11,click,956,410,None
1791531021.2741,A12,phase,TAP on the beep
1791531021.2794,A12,cue,
1791531022.8796,A13,phase,TAP on the beep
1791531022.8856,A13,cue,
1791531023.0486,A13,rx,I,tap,1147,5444,2,quiet,2,rewind,-441,326
1791531023.0587,A13,click,577,514,None
1791531024.4902,A14,phase,TAP on the beep
1791531024.4938,A14,cue,
1791531026.0980,A15,phase,TAP on the beep
1791531026.1045,A15,cue,
1791531026.2435,A15,rx,I,tap,1467,332,33,quiet,3,rewind,-796,697
1791531026.2498,A15,click,204,813,None
1791531027.7046,B-intro,phase,Phase B: point around the screen for 15 s. Do NOT tap.
1791531027.8673,B-intro,rx,I,tap,4985,389,4,quiet,4,rewind,-800,207
1791531027.8739,B-intro,click,203,820,None
1791531030.7070,B,phase,Point around. No tapping.
1791531045.7086,C-intro,phase,Phase C: a green dot appears; move onto it and tap it. 10 dots.
1791531049.7116,C1,phase,Move onto the dot and tap it
1791531049.7168,C1,cue,0.24405497087868083,0.7508319290092011
1791531051.4638,C1,rx,I,tap,1340,359,-13,quiet,3,rewind,-487,334
1791531051.4744,C1,click,218,725,209.7734394766699
1791531053.2211,C2,phase,Move onto the dot and tap it
1791531053.2266,C2,cue,0.6846422332836298,0.3657948667306241
1791531056.5753,C2,rx,I,tap,1288,1031,-3,quiet,4,rewind,-372,89
1791531056.5797,C2,click,1126,315,58.71846085879497
1791531056.7309,C3,phase,Move onto the dot and tap it
1791531056.7364,C3,cue,0.49680456096435865,0.49216919211267973
1791531058.6502,C3,rx,I,tap,1147,1418,5,quiet,3,rewind,-231,56
1791531058.6566,C3,click,928,422,72.46989173680299
1791531060.2397,C4,phase,Move onto the dot and tap it
1791531060.2424,C4,cue,0.606115080905934,0.7126701782380835
1791531063.4645,C4,rx,I,tap,1514,391,-32,quiet,2,rewind,-289,44
1791531063.4743,C4,click,995,660,55.81348558555221
1791531063.7476,C5,phase,Move onto the dot and tap it
1791531063.7544,C5,cue,0.21570171074196443,0.21842585973930412
1791531065.2983,C5,rx,I,tap,3380,466,-2,quiet,8,rewind,-244,179
1791531065.3062,C5,click,353,306,111.39676991477661
1791531067.2560,C6,phase,Move onto the dot and tap it
1791531067.2633,C6,cue,0.7350355727439087,0.4812985941382847
1791531069.1142,C6,rx,I,tap,2865,854,5,quiet,4,rewind,-297,93
1791531069.1226,C6,click,1268,397,35.75162919417592
1791531070.7676,C7,phase,Move onto the dot and tap it
1791531070.7745,C7,cue,0.6835960577205594,0.20136893467822195
1791531072.5197,C7,rx,I,tap,1255,355,-25,quiet,2,rewind,-7,-3
1791531072.5312,C7,click,1220,165,41.931323847171285
1791531074.2759,C8,phase,Move onto the dot and tap it
1791531074.2823,C8,cue,0.461771035838361,0.6690010210215086
1791531077.5557,C8,rx,I,tap,1214,373,-38,quiet,1,rewind,79,-71
1791531077.5639,C8,click,724,648,87.38284510248045
1791531077.7838,C9,phase,Move onto the dot and tap it
1791531077.7903,C9,cue,0.3101335548893168,0.8144259521100494
1791531079.0440,C9,rx,I,tap,3378,539,23,quiet,4,rewind,-177,207
1791531079.0557,C9,click,533,700,32.300352553202146
1791531081.2949,C10,phase,Move onto the dot and tap it
1791531081.2998,C10,cue,0.7809992203280385,0.21988348897180982
1791531084.2805,C10,rx,I,tap,3352,900,48,quiet,5,rewind,-283,2
1791531084.2890,C10,click,1388,162,52.43897515275237
1791531084.8014,done,phase,Done. Thanks.
