00:38:39 setup OK,tap,1
00:38:48 still I,tap,no,solo,363,1494,quiet,11,before,8
00:38:48 still I,tap,no,solo,0,2239,quiet,22,before,8
00:38:48 still I,tap,no,solo,0,1054,quiet,23,before,11
00:38:48 still I,tap,no,solo,0,2163,quiet,22,before,23
00:38:48 still I,tap,no,solo,701,3292,quiet,24,before,26
00:38:48 still I,tap,no,1382,699,1,quiet,52
00:38:48 still I,tap,no,1319,666,3,quiet,52
00:38:48 still I,tap,no,1358,528,3,quiet,52
00:38:48 still I,tap,no,1217,518,1,quiet,52
00:38:48 still I,tap,no,solo,647,2093,quiet,52,before,29
00:38:55 A1 I,tap,solo,647,5267,quiet,2
00:38:56 A2 I,tap,solo,327,1058,quiet,1
00:39:01 A5 I,tap,solo,849,4289,quiet,1
00:39:03 A6 I,tap,solo,846,5301,quiet,1
00:39:04 A7 I,tap,1271,1562,23,quiet,1,rewind,-79,-99
00:39:06 A8 I,tap,1793,5442,-3,quiet,2,rewind,-146,-125
00:39:07 A9 I,tap,1323,5584,-24,quiet,1,rewind,-109,-58
00:39:09 A10 I,tap,1285,5705,-7,quiet,3,rewind,-192,35
00:39:11 A11 I,tap,1322,4623,-5,quiet,8,rewind,-228,-7
00:39:12 A12 I,tap,no,solo,891,4152,quiet,13,before,2
00:39:12 A12 I,tap,1084,7136,47,quiet,13,rewind,26,-89
00:39:14 A13 I,tap,1243,1092,42,quiet,3,rewind,-120,-94
00:39:15 A14 I,tap,solo,442,1513,quiet,1
00:39:17 A15 I,tap,1342,4690,15,quiet,2,rewind,-49,-42
00:39:41 C1 I,tap,1059,2840,23,quiet,3,rewind,-167,-43
00:39:45 C2 I,tap,solo,724,2232,quiet,3
00:39:50 C3 I,tap,1010,1072,24,quiet,3,rewind,-90,-121
00:39:51 C3 I,tap,1334,3790,-4,quiet,3,rewind,-93,-68
00:39:52 C4 I,tap,solo,863,4208,quiet,6
00:39:56 C5 I,tap,solo,778,2215,quiet,3
00:39:59 C6 I,tap,1036,3778,7,quiet,2,rewind,-159,-142
00:40:03 C7 I,tap,solo,587,5110,quiet,3
00:40:07 C8 I,tap,1034,4591,-37,quiet,1,rewind,-94,-151
00:40:11 C9 I,tap,1363,5669,-41,quiet,3,rewind,32,-65
00:40:14 C10 I,tap,1056,2820,9,quiet,2,rewind,5,-102
recorded run3 packets per ring: {'29c3': 56740, 'aa2c': 19887}
