1791531535.1924,A1,795,475,None,1728,899
1791531536.6818,A2,861,353,None,1728,899
1791531541.4648,A5,898,388,None,1728,899
1791531543.0168,A6,771,379,None,1728,899
1791531544.6930,A7,1033,351,None,1728,899
1791531546.2894,A8,1054,453,None,1728,899
1791531547.8929,A9,911,692,None,1728,899
1791531549.5099,A10,890,612,None,1728,899
1791531551.1573,A11,1456,418,None,1728,899
1791531552.6842,A12,1165,365,None,1728,899
1791531554.3272,A13,1369,607,None,1728,899
1791531555.9833,A14,1114,590,None,1728,899
1791531557.5567,A15,1120,790,None,1728,899
1791531581.8655,C1,471,671,49.43493485363394,1728,899
1791531585.8745,C2,1149,257,79.51457532121438,1728,899
1791531590.1677,C3,967,473,112.73707768509578,1728,899
1791531591.2443,C3,970,455,112.22451929249517,1728,899
1791531592.9932,C4,1017,579,68.75945578614397,1728,899
1791531596.4650,C5,347,161,43.735991060281606,1728,899
1791531599.7656,C6,1309,446,41.07565865261085,1728,899
1791531603.5187,C7,1129,146,62.90967520929364,1728,899
1791531607.1087,C8,854,671,89.34429144283261,1728,899
1791531611.5963,C9,491,771,59.370281622126214,1728,899
1791531614.2112,C10,1322,262,69.98280473004658,1728,899
