1791531653.7824,ready,319,313,None,1728,899,117.63077828527703,86.57944328765345
1791531666.1486,A2,750,458,None,1728,899,70.11419257183242,91.7877987534291
1791531667.8259,A3,803,380,None,1728,899,88.3911760301898,82.37718130647589
1791531669.3330,A4,821,304,None,1728,899,139.80700983856283,130.9083648969767
1791531670.8982,A5,942,418,None,1728,899,17,20.6155281280883
1791531672.5840,A6,928,492,None,1728,899,62.76941930590086,64.00781202322105
1791531674.1281,A7,872,378,None,1728,899,137.11673858431726,138.45215780189199
1791531675.7004,A8,797,530,None,1728,899,23.194827009486403,21.587033144922902
1791531677.7652,B-intro,848,501,None,1728,899,9.055385138137417,11.40175425099138
1791531700.8741,C1,562,690,141.07296092344944,1728,899,101.49384217774002,111.80339887498947
1791531703.8355,C2,1164,315,23.561885174011397,1728,899,23.345235059857504,38.91015291668744
1791531707.7335,C3,855,398,44.59595567948314,1728,899,46.69047011971501,41.59326868617084
1791531711.3343,C4,1037,616,26.778575210824446,1728,899,28.017851452243796,15.811388300841898
1791531715.2423,C5,397,175,32.33211339296918,1728,899,13.601470508735444,12.206555615733702
1791531718.8066,C6,1254,428,16.808304542678385,1728,899,59.304300012730955,8.246211251235321
1791531722.0067,C7,1185,151,30.26340835357809,1728,899,47.095647357266465,36.6742416417845
1791531726.0359,C8,791,565,37.08710151634591,1728,899,23.08679276123039,26.076809620810597
1791531728.7646,C9,536,696,36.16904098181469,1728,899,15,10.04987562112089
1791531732.3424,C10,1440,216,92.27126595114851,1728,899,95.75489543621255,85.58621384311844
1791531733.5663,C10,1296,227,61.06821481487765,1728,899,28.442925306655788,21.02379604162864
1791531735.4650,C11,293,487,9.658869893725898,1728,899,30.59411708155671,15.811388300841898
1791531739.6413,C12,1442,476,87.08985618974936,1728,899,90.69729874698585,90.82400563727631
1791531740.8322,C12,1373,510,109.71177635144858,1728,899,75.95393340703298,95.13148795220224
